current directory: /home/runner/work/docs.metabase.github.io/docs.metabase.github.io/vendor/bundle/ruby/3.3.0/gems/date-3.4.1/ext/date
/opt/hostedtoolcache/Ruby/3.3.2/x64/bin/ruby extconf.rb
checking for rb_category_warn()... yes
checking for timezone in time.h with  -Werror... yes
checking for altzone in time.h with  -Werror... no
creating Makefile

current directory: /home/runner/work/docs.metabase.github.io/docs.metabase.github.io/vendor/bundle/ruby/3.3.0/gems/date-3.4.1/ext/date
make DESTDIR\= sitearchdir\=./.gem.20250801-2310-25yycm sitelibdir\=./.gem.20250801-2310-25yycm clean

current directory: /home/runner/work/docs.metabase.github.io/docs.metabase.github.io/vendor/bundle/ruby/3.3.0/gems/date-3.4.1/ext/date
make DESTDIR\= sitearchdir\=./.gem.20250801-2310-25yycm sitelibdir\=./.gem.20250801-2310-25yycm
compiling date_core.c
compiling date_parse.c
compiling date_strftime.c
compiling date_strptime.c
linking shared-object date_core.so

current directory: /home/runner/work/docs.metabase.github.io/docs.metabase.github.io/vendor/bundle/ruby/3.3.0/gems/date-3.4.1/ext/date
make DESTDIR\= sitearchdir\=./.gem.20250801-2310-25yycm sitelibdir\=./.gem.20250801-2310-25yycm install
/usr/bin/install -c -m 0755 date_core.so ./.gem.20250801-2310-25yycm

current directory: /home/runner/work/docs.metabase.github.io/docs.metabase.github.io/vendor/bundle/ruby/3.3.0/gems/date-3.4.1/ext/date
make DESTDIR\= sitearchdir\=./.gem.20250801-2310-25yycm sitelibdir\=./.gem.20250801-2310-25yycm clean
